
> heft-coder@0.1.0 build
> next build

Γû▓ Next.js 16.1.1 (Turbopack)
- Environments: .env.local

node.exe : ΓÜá The 
"middleware" file 
convention is 
deprecated. Please 
use "proxy" instead. 
Learn more: https://ne
xtjs.org/docs/messages
/middleware-to-proxy
At line:1 char:1
+ & "C:\Program Files\
nodejs/node.exe" 
"C:\Program 
Files\nodejs/node_mo 
...
+ ~~~~~~~~~~~~~~~~~~~~
~~~~~~~~~~~~~~~~~~~~~~
~~~~~~~~~~~~~~~~~~~~~~
~~~~~
    + CategoryInfo    
          : NotSpeci  
  fied: (ΓÜá The "m   
 iddle...leware-to    
-proxy:String) []    
, RemoteException
    + FullyQualifiedE 
   rrorId : NativeCo  
  mmandError
 
  Creating an optimized production build ...

> Build error occurred
Error: Turbopack 
build failed with 5 
errors:
./app/workspace/[id]/p
age.tsx:7:1
Module not found: 
Can't resolve '@codesa
ndbox/sandpack-themes'
[0m [90m  5 |[39m 
[36mimport[39m { [3
3mModelSelector[39m 
} [36mfrom[39m [32m
"./components/ModelSel
ector"[39m[33m;[39m
 [90m  6 |[39m 
[36mimport[39m { [3
3mSandpackProvider[39
m[33m,[39m [33mSand
packLayout[39m[33m,
[39m [33mSandpackCode
Editor[39m[33m,[39m
 [33mSandpackPreview
[39m[33m,[39m [33mS
andpackFileExplorer[3
9m } [36mfrom[39m [
32m"@codesandbox/sandp
ack-react"[39m[33m;
[39m
[31m[1m>[22m[39m[
90m  7 |[39m 
[36mimport[39m { 
atomDark } 
[36mfrom[39m [32m"@
codesandbox/sandpack-t
hemes"[39m[33m;[39m
 [90m    |[39m [31m
[1m^[22m[39m[31m[
1m^[22m[39m[31m[1m
^[22m[39m[31m[1m^
[22m[39m[31m[1m^[2
2m[39m[31m[1m^[22m
[39m[31m[1m^[22m[
39m[31m[1m^[22m[39
m[31m[1m^[22m[39m
[31m[1m^[22m[39m[3
1m[1m^[22m[39m[31m
[1m^[22m[39m[31m[
1m^[22m[39m[31m[1m
^[22m[39m[31m[1m^
[22m[39m[31m[1m^[2
2m[39m[31m[1m^[22m
[39m[31m[1m^[22m[
39m[31m[1m^[22m[39
m[31m[1m^[22m[39m
[31m[1m^[22m[39m[3
1m[1m^[22m[39m[31m
[1m^[22m[39m[31m[
1m^[22m[39m[31m[1m
^[22m[39m[31m[1m^
[22m[39m[31m[1m^[2
2m[39m[31m[1m^[22m
[39m[31m[1m^[22m[
39m[31m[1m^[22m[39
m[31m[1m^[22m[39m
[31m[1m^[22m[39m[3
1m[1m^[22m[39m[31m
[1m^[22m[39m[31m[
1m^[22m[39m[31m[1m
^[22m[39m[31m[1m^
[22m[39m[31m[1m^[2
2m[39m[31m[1m^[22m
[39m[31m[1m^[22m[
39m[31m[1m^[22m[39
m[31m[1m^[22m[39m
[31m[1m^[22m[39m[3
1m[1m^[22m[39m[31m
[1m^[22m[39m[31m[
1m^[22m[39m[31m[1m
^[22m[39m[31m[1m^
[22m[39m[31m[1m^[2
2m[39m[31m[1m^[22m
[39m[31m[1m^[22m[
39m[31m[1m^[22m[39
m[31m[1m^[22m[39m
[31m[1m^[22m[39m[3
1m[1m^[22m[39m[31m
[1m^[22m[39m
 [90m  8 |[39m 
[36mimport[39m { 
supabase } 
[36mfrom[39m [32m'@
/lib/supabase'[39m[3
3m;[39m
 [90m  9 |[39m 
[36mimport[39m 
[33mLink[39m 
[36mfrom[39m [32m'n
ext/link'[39m[33m;[
39m
 [90m 10 |[39m[0m



Import traces:
  Client Component 
Browser:
    ./app/workspace/[i
d]/page.tsx [Client 
Component Browser]
    ./app/workspace/[i
d]/page.tsx [Server 
Component]

  Client Component 
SSR:
    ./app/workspace/[i
d]/page.tsx [Client 
Component SSR]
    ./app/workspace/[i
d]/page.tsx [Server 
Component]

https://nextjs.org/doc
s/messages/module-not-
found


./components/ui/resiza
ble.tsx:5:1
Export PanelGroup 
doesn't exist in 
target module
[0m [90m 3 |[39m 
[36mimport[39m 
[33m*[39m 
[36mas[39m 
[33mReact[39m 
[36mfrom[39m 
[32m"react"[39m
 [90m 4 |[39m 
[36mimport[39m { [3
3mGripVerticalIcon[39
m } [36mfrom[39m [3
2m"lucide-react"[39m
[31m[1m>[22m[39m[
90m 5 |[39m 
[36mimport[39m { [3
3mPanelGroup[39m[33m
,[39m [33mPanel[39m
[33m,[39m [33mPanel
ResizeHandle[39m } 
[36mfrom[39m [32m"r
eact-resizable-panels"
[39m
 [90m   |[39m [31m
[1m^[22m[39m[31m[1
m^[22m[39m[31m[1m^
[22m[39m[31m[1m^[
22m[39m[31m[1m^[22
m[39m[31m[1m^[22m
[39m[31m[1m^[22m[3
9m[31m[1m^[22m[39m
[31m[1m^[22m[39m[
31m[1m^[22m[39m[31
m[1m^[22m[39m[31m
[1m^[22m[39m[31m[1
m^[22m[39m[31m[1m^
[22m[39m[31m[1m^[
22m[39m[31m[1m^[22
m[39m[31m[1m^[22m
[39m[31m[1m^[22m[3
9m[31m[1m^[22m[39m
[31m[1m^[22m[39m[
31m[1m^[22m[39m[31
m[1m^[22m[39m[31m
[1m^[22m[39m[31m[1
m^[22m[39m[31m[1m^
[22m[39m[31m[1m^[
22m[39m[31m[1m^[22
m[39m[31m[1m^[22m
[39m[31m[1m^[22m[3
9m[31m[1m^[22m[39m
[31m[1m^[22m[39m[
31m[1m^[22m[39m[31
m[1m^[22m[39m[31m
[1m^[22m[39m[31m[1
m^[22m[39m[31m[1m^
[22m[39m[31m[1m^[
22m[39m[31m[1m^[22
m[39m[31m[1m^[22m
[39m[31m[1m^[22m[3
9m[31m[1m^[22m[39m
[31m[1m^[22m[39m[
31m[1m^[22m[39m[31
m[1m^[22m[39m[31m
[1m^[22m[39m[31m[1
m^[22m[39m[31m[1m^
[22m[39m[31m[1m^[
22m[39m[31m[1m^[22
m[39m[31m[1m^[22m
[39m[31m[1m^[22m[3
9m[31m[1m^[22m[39m
[31m[1m^[22m[39m[
31m[1m^[22m[39m[31
m[1m^[22m[39m[31m
[1m^[22m[39m[31m[1
m^[22m[39m[31m[1m^
[22m[39m[31m[1m^[
22m[39m[31m[1m^[22
m[39m[31m[1m^[22m
[39m[31m[1m^[22m[3
9m[31m[1m^[22m[39m
[31m[1m^[22m[39m[
31m[1m^[22m[39m[31
m[1m^[22m[39m[31m
[1m^[22m[39m[31m[1
m^[22m[39m[31m[1m^
[22m[39m[31m[1m^[
22m[39m[31m[1m^[22
m[39m[31m[1m^[22m
[39m[31m[1m^[22m[3
9m[31m[1m^[22m[39m
[31m[1m^[22m[39m[
31m[1m^[22m[39m[31
m[1m^[22m[39m
 [90m 6 |[39m
 [90m 7 |[39m 
[36mimport[39m { cn 
} [36mfrom[39m [32m
"@/lib/utils"[39m
 [90m 8 |[39m[0m

The export PanelGroup 
was not found in 
module [project]/node_
modules/react-resizabl
e-panels/dist/react-re
sizable-panels.js 
[app-client] 
(ecmascript).
Did you mean to 
import Panel?
All exports of the 
module are statically 
known (It doesn't 
have dynamic 
exports). So it's 
known statically that 
the requested export 
doesn't exist.

Import traces:
  Client Component 
Browser:
    ./components/ui/re
sizable.tsx [Client 
Component Browser]
    ./app/workspace/[i
d]/page.tsx [Client 
Component Browser]
    ./app/workspace/[i
d]/page.tsx [Server 
Component]

  Client Component 
SSR:
    ./components/ui/re
sizable.tsx [Client 
Component SSR]
    ./app/workspace/[i
d]/page.tsx [Client 
Component SSR]
    ./app/workspace/[i
d]/page.tsx [Server 
Component]


./components/ui/resiza
ble.tsx:5:1
Export PanelGroup 
doesn't exist in 
target module
[0m [90m 3 |[39m 
[36mimport[39m 
[33m*[39m 
[36mas[39m 
[33mReact[39m 
[36mfrom[39m 
[32m"react"[39m
 [90m 4 |[39m 
[36mimport[39m { [3
3mGripVerticalIcon[39
m } [36mfrom[39m [3
2m"lucide-react"[39m
[31m[1m>[22m[39m[
90m 5 |[39m 
[36mimport[39m { [3
3mPanelGroup[39m[33m
,[39m [33mPanel[39m
[33m,[39m [33mPanel
ResizeHandle[39m } 
[36mfrom[39m [32m"r
eact-resizable-panels"
[39m
 [90m   |[39m [31m
[1m^[22m[39m[31m[1
m^[22m[39m[31m[1m^
[22m[39m[31m[1m^[
22m[39m[31m[1m^[22
m[39m[31m[1m^[22m
[39m[31m[1m^[22m[3
9m[31m[1m^[22m[39m
[31m[1m^[22m[39m[
31m[1m^[22m[39m[31
m[1m^[22m[39m[31m
[1m^[22m[39m[31m[1
m^[22m[39m[31m[1m^
[22m[39m[31m[1m^[
22m[39m[31m[1m^[22
m[39m[31m[1m^[22m
[39m[31m[1m^[22m[3
9m[31m[1m^[22m[39m
[31m[1m^[22m[39m[
31m[1m^[22m[39m[31
m[1m^[22m[39m[31m
[1m^[22m[39m[31m[1
m^[22m[39m[31m[1m^
[22m[39m[31m[1m^[
22m[39m[31m[1m^[22
m[39m[31m[1m^[22m
[39m[31m[1m^[22m[3
9m[31m[1m^[22m[39m
[31m[1m^[22m[39m[
31m[1m^[22m[39m[31
m[1m^[22m[39m[31m
[1m^[22m[39m[31m[1
m^[22m[39m[31m[1m^
[22m[39m[31m[1m^[
22m[39m[31m[1m^[22
m[39m[31m[1m^[22m
[39m[31m[1m^[22m[3
9m[31m[1m^[22m[39m
[31m[1m^[22m[39m[
31m[1m^[22m[39m[31
m[1m^[22m[39m[31m
[1m^[22m[39m[31m[1
m^[22m[39m[31m[1m^
[22m[39m[31m[1m^[
22m[39m[31m[1m^[22
m[39m[31m[1m^[22m
[39m[31m[1m^[22m[3
9m[31m[1m^[22m[39m
[31m[1m^[22m[39m[
31m[1m^[22m[39m[31
m[1m^[22m[39m[31m
[1m^[22m[39m[31m[1
m^[22m[39m[31m[1m^
[22m[39m[31m[1m^[
22m[39m[31m[1m^[22
m[39m[31m[1m^[22m
[39m[31m[1m^[22m[3
9m[31m[1m^[22m[39m
[31m[1m^[22m[39m[
31m[1m^[22m[39m[31
m[1m^[22m[39m[31m
[1m^[22m[39m[31m[1
m^[22m[39m[31m[1m^
[22m[39m[31m[1m^[
22m[39m[31m[1m^[22
m[39m[31m[1m^[22m
[39m[31m[1m^[22m[3
9m[31m[1m^[22m[39m
[31m[1m^[22m[39m[
31m[1m^[22m[39m[31
m[1m^[22m[39m
 [90m 6 |[39m
 [90m 7 |[39m 
[36mimport[39m { cn 
} [36mfrom[39m [32m
"@/lib/utils"[39m
 [90m 8 |[39m[0m

The export PanelGroup 
was not found in 
module [project]/node_
modules/react-resizabl
e-panels/dist/react-re
sizable-panels.js 
[app-ssr] 
(ecmascript).
Did you mean to 
import Panel?
All exports of the 
module are statically 
known (It doesn't 
have dynamic 
exports). So it's 
known statically that 
the requested export 
doesn't exist.

Import traces:
  Client Component 
Browser:
    ./components/ui/re
sizable.tsx [Client 
Component Browser]
    ./app/workspace/[i
d]/page.tsx [Client 
Component Browser]
    ./app/workspace/[i
d]/page.tsx [Server 
Component]

  Client Component 
SSR:
    ./components/ui/re
sizable.tsx [Client 
Component SSR]
    ./app/workspace/[i
d]/page.tsx [Client 
Component SSR]
    ./app/workspace/[i
d]/page.tsx [Server 
Component]


./components/ui/resiza
ble.tsx:5:1
Export 
PanelResizeHandle 
doesn't exist in 
target module
[0m [90m 3 |[39m 
[36mimport[39m 
[33m*[39m 
[36mas[39m 
[33mReact[39m 
[36mfrom[39m 
[32m"react"[39m
 [90m 4 |[39m 
[36mimport[39m { [3
3mGripVerticalIcon[39
m } [36mfrom[39m [3
2m"lucide-react"[39m
[31m[1m>[22m[39m[
90m 5 |[39m 
[36mimport[39m { [3
3mPanelGroup[39m[33m
,[39m [33mPanel[39m
[33m,[39m [33mPanel
ResizeHandle[39m } 
[36mfrom[39m [32m"r
eact-resizable-panels"
[39m
 [90m   |[39m [31m
[1m^[22m[39m[31m[1
m^[22m[39m[31m[1m^
[22m[39m[31m[1m^[
22m[39m[31m[1m^[22
m[39m[31m[1m^[22m
[39m[31m[1m^[22m[3
9m[31m[1m^[22m[39m
[31m[1m^[22m[39m[
31m[1m^[22m[39m[31
m[1m^[22m[39m[31m
[1m^[22m[39m[31m[1
m^[22m[39m[31m[1m^
[22m[39m[31m[1m^[
22m[39m[31m[1m^[22
m[39m[31m[1m^[22m
[39m[31m[1m^[22m[3
9m[31m[1m^[22m[39m
[31m[1m^[22m[39m[
31m[1m^[22m[39m[31
m[1m^[22m[39m[31m
[1m^[22m[39m[31m[1
m^[22m[39m[31m[1m^
[22m[39m[31m[1m^[
22m[39m[31m[1m^[22
m[39m[31m[1m^[22m
[39m[31m[1m^[22m[3
9m[31m[1m^[22m[39m
[31m[1m^[22m[39m[
31m[1m^[22m[39m[31
m[1m^[22m[39m[31m
[1m^[22m[39m[31m[1
m^[22m[39m[31m[1m^
[22m[39m[31m[1m^[
22m[39m[31m[1m^[22
m[39m[31m[1m^[22m
[39m[31m[1m^[22m[3
9m[31m[1m^[22m[39m
[31m[1m^[22m[39m[
31m[1m^[22m[39m[31
m[1m^[22m[39m[31m
[1m^[22m[39m[31m[1
m^[22m[39m[31m[1m^
[22m[39m[31m[1m^[
22m[39m[31m[1m^[22
m[39m[31m[1m^[22m
[39m[31m[1m^[22m[3
9m[31m[1m^[22m[39m
[31m[1m^[22m[39m[
31m[1m^[22m[39m[31
m[1m^[22m[39m[31m
[1m^[22m[39m[31m[1
m^[22m[39m[31m[1m^
[22m[39m[31m[1m^[
22m[39m[31m[1m^[22
m[39m[31m[1m^[22m
[39m[31m[1m^[22m[3
9m[31m[1m^[22m[39m
[31m[1m^[22m[39m[
31m[1m^[22m[39m[31
m[1m^[22m[39m[31m
[1m^[22m[39m[31m[1
m^[22m[39m[31m[1m^
[22m[39m[31m[1m^[
22m[39m[31m[1m^[22
m[39m[31m[1m^[22m
[39m[31m[1m^[22m[3
9m[31m[1m^[22m[39m
[31m[1m^[22m[39m[
31m[1m^[22m[39m[31
m[1m^[22m[39m
 [90m 6 |[39m
 [90m 7 |[39m 
[36mimport[39m { cn 
} [36mfrom[39m [32m
"@/lib/utils"[39m
 [90m 8 |[39m[0m

The export 
PanelResizeHandle was 
not found in module [p
roject]/node_modules/r
eact-resizable-panels/
dist/react-resizable-p
anels.js [app-client] 
(ecmascript).
Did you mean to 
import Panel?
All exports of the 
module are statically 
known (It doesn't 
have dynamic 
exports). So it's 
known statically that 
the requested export 
doesn't exist.

Import traces:
  Client Component 
Browser:
    ./components/ui/re
sizable.tsx [Client 
Component Browser]
    ./app/workspace/[i
d]/page.tsx [Client 
Component Browser]
    ./app/workspace/[i
d]/page.tsx [Server 
Component]

  Client Component 
SSR:
    ./components/ui/re
sizable.tsx [Client 
Component SSR]
    ./app/workspace/[i
d]/page.tsx [Client 
Component SSR]
    ./app/workspace/[i
d]/page.tsx [Server 
Component]


./components/ui/resiza
ble.tsx:5:1
Export 
PanelResizeHandle 
doesn't exist in 
target module
[0m [90m 3 |[39m 
[36mimport[39m 
[33m*[39m 
[36mas[39m 
[33mReact[39m 
[36mfrom[39m 
[32m"react"[39m
 [90m 4 |[39m 
[36mimport[39m { [3
3mGripVerticalIcon[39
m } [36mfrom[39m [3
2m"lucide-react"[39m
[31m[1m>[22m[39m[
90m 5 |[39m 
[36mimport[39m { [3
3mPanelGroup[39m[33m
,[39m [33mPanel[39m
[33m,[39m [33mPanel
ResizeHandle[39m } 
[36mfrom[39m [32m"r
eact-resizable-panels"
[39m
 [90m   |[39m [31m
[1m^[22m[39m[31m[1
m^[22m[39m[31m[1m^
[22m[39m[31m[1m^[
22m[39m[31m[1m^[22
m[39m[31m[1m^[22m
[39m[31m[1m^[22m[3
9m[31m[1m^[22m[39m
[31m[1m^[22m[39m[
31m[1m^[22m[39m[31
m[1m^[22m[39m[31m
[1m^[22m[39m[31m[1
m^[22m[39m[31m[1m^
[22m[39m[31m[1m^[
22m[39m[31m[1m^[22
m[39m[31m[1m^[22m
[39m[31m[1m^[22m[3
9m[31m[1m^[22m[39m
[31m[1m^[22m[39m[
31m[1m^[22m[39m[31
m[1m^[22m[39m[31m
[1m^[22m[39m[31m[1
m^[22m[39m[31m[1m^
[22m[39m[31m[1m^[
22m[39m[31m[1m^[22
m[39m[31m[1m^[22m
[39m[31m[1m^[22m[3
9m[31m[1m^[22m[39m
[31m[1m^[22m[39m[
31m[1m^[22m[39m[31
m[1m^[22m[39m[31m
[1m^[22m[39m[31m[1
m^[22m[39m[31m[1m^
[22m[39m[31m[1m^[
22m[39m[31m[1m^[22
m[39m[31m[1m^[22m
[39m[31m[1m^[22m[3
9m[31m[1m^[22m[39m
[31m[1m^[22m[39m[
31m[1m^[22m[39m[31
m[1m^[22m[39m[31m
[1m^[22m[39m[31m[1
m^[22m[39m[31m[1m^
[22m[39m[31m[1m^[
22m[39m[31m[1m^[22
m[39m[31m[1m^[22m
[39m[31m[1m^[22m[3
9m[31m[1m^[22m[39m
[31m[1m^[22m[39m[
31m[1m^[22m[39m[31
m[1m^[22m[39m[31m
[1m^[22m[39m[31m[1
m^[22m[39m[31m[1m^
[22m[39m[31m[1m^[
22m[39m[31m[1m^[22
m[39m[31m[1m^[22m
[39m[31m[1m^[22m[3
9m[31m[1m^[22m[39m
[31m[1m^[22m[39m[
31m[1m^[22m[39m[31
m[1m^[22m[39m[31m
[1m^[22m[39m[31m[1
m^[22m[39m[31m[1m^
[22m[39m[31m[1m^[
22m[39m[31m[1m^[22
m[39m[31m[1m^[22m
[39m[31m[1m^[22m[3
9m[31m[1m^[22m[39m
[31m[1m^[22m[39m[
31m[1m^[22m[39m[31
m[1m^[22m[39m
 [90m 6 |[39m
 [90m 7 |[39m 
[36mimport[39m { cn 
} [36mfrom[39m [32m
"@/lib/utils"[39m
 [90m 8 |[39m[0m

The export 
PanelResizeHandle was 
not found in module [p
roject]/node_modules/r
eact-resizable-panels/
dist/react-resizable-p
anels.js [app-ssr] 
(ecmascript).
Did you mean to 
import Panel?
All exports of the 
module are statically 
known (It doesn't 
have dynamic 
exports). So it's 
known statically that 
the requested export 
doesn't exist.

Import traces:
  Client Component 
Browser:
    ./components/ui/re
sizable.tsx [Client 
Component Browser]
    ./app/workspace/[i
d]/page.tsx [Client 
Component Browser]
    ./app/workspace/[i
d]/page.tsx [Server 
Component]

  Client Component 
SSR:
    ./components/ui/re
sizable.tsx [Client 
Component SSR]
    ./app/workspace/[i
d]/page.tsx [Client 
Component SSR]
    ./app/workspace/[i
d]/page.tsx [Server 
Component]


    at <unknown> (./ap
p/workspace/[id]/page.
tsx:7:1)
    at <unknown> (http
s://nextjs.org/docs/me
ssages/module-not-foun
d)
    at <unknown> (./co
mponents/ui/resizable.
tsx:5:1)
    at <unknown> (./co
mponents/ui/resizable.
tsx:5:1)
    at <unknown> (./co
mponents/ui/resizable.
tsx:5:1)
    at <unknown> (./co
mponents/ui/resizable.
tsx:5:1)
