app/workspace/[id]/page.tsx(7,26): error TS2307: Cannot find module '@codesandbox/sandpack-themes' or its corresponding type declarations.
components/ui/resizable.tsx(5,10): error TS2724: '"react-resizable-panels"' has no exported member named 'PanelGroup'. Did you mean 'PanelProps'?
components/ui/resizable.tsx(5,29): error TS2305: Module '"react-resizable-panels"' has no exported member 'PanelResizeHandle'.
